# onerom differential trace
# version: 2
# scenario: onerom_2364_single_byte
# cycles: 20
# pin_width: 32
#
# Program section — one `instr` line per PIO block,
# and one `reg` line per SM (SM regs for unused SMs
# are emitted too; the diff side simply ignores SMs
# whose instr program isn't reached).
#
instr 0 9 0xA063 0xA020 0x0041 0xA06B 0xA020 0x0024 0x4230 0x4010 0x6008
reg 0 0 0x00010000 0x00005000 0x00000001 0x00840000
reg 0 1 0x00010000 0x00007300 0x00010010 0x00040000
reg 0 2 0x00010000 0x00008400 0x100A0000 0x00800000
reg 0 3 0x00000000 0x00000000 0x00000000 0x00000000
#
# Body rows — columns: cycle, input_drive, input_level, out_drive, out_level
#
0	0x00000100	0x00000000	0x00000100	0xFFFFFEFF
1	0x00000100	0x00000000	0x00000100	0xFFFFFEFF
2	0x00000100	0x00000000	0x00000100	0xFFFFFEFF
3	0x00000100	0x00000000	0x000001FF	0xFFFFFEFF
4	0x00000100	0x00000000	0x000001FF	0xFFFFFEFF
5	0x00000100	0x00000000	0x000001FF	0xFFFFFEFF
6	0x00000100	0x00000000	0x000001FF	0xFFFFFEFF
7	0x00000100	0x00000000	0x000001FF	0xFFFFFEFF
8	0x00000100	0x00000000	0x000001FF	0xFFFFFEFF
9	0x00000100	0x00000000	0x000001FF	0xFFFFFEFF
10	0x00000100	0x00000000	0x000001FF	0xFFFFFEFF
11	0x00000100	0x00000000	0x000001FF	0xFFFFFEFF
12	0x00000100	0x00000000	0x000001FF	0xFFFFFE00
13	0x00000100	0x00000000	0x000001FF	0xFFFFFE00
14	0x00000100	0x00000000	0x000001FF	0xFFFFFE00
15	0x00000100	0x00000000	0x000001FF	0xFFFFFE00
16	0x00000100	0x00000000	0x000001FF	0xFFFFFE00
17	0x00000100	0x00000000	0x000001FF	0xFFFFFE00
18	0x00000100	0x00000000	0x000001FF	0xFFFFFE00
19	0x00000100	0x00000000	0x000001FF	0xFFFFFE00
