# picogus-tap v1
ns,port,value,kind
0,0x247,0x00,write8
50000,0x24b,0x4c,write8
75000,0x243,0x00,write8
125000,0x247,0x01,write8
200000,0x24b,0x0e,write8
225000,0x243,0xcd,write8
300000,0x24b,0x41,write8
325000,0x242,0x00,write8
350000,0x24b,0x00,write8
400000,0x243,0x03,write8
500000,0x246,0x00,read8
650000,0x24b,0x01,write8
675000,0x242,0x0400,write16
900000,0x24b,0x09,write8
925000,0x243,0xfc,write8
1100000,0x24b,0x00,write8
1125000,0x242,0x0000,write16
1300000,0x246,0x0000,read16
1500000,0x246,0x20,read8
